// Jest Snapshot v1, https://goo.gl/fbAQLP

exports[`ErrorComponent Check if matches ErrorComponent Snapshot 1`] = `
<div
  className="container"
  data-testid="errorComponent"
>
  <div
    className="bx--inline-notification bx--inline-notification--error bx--inline-notification--hide-close-button"
    kind="error"
    role="alert"
  >
    <div
      className="bx--inline-notification__details"
    >
      <svg
        aria-hidden={true}
        className="bx--inline-notification__icon"
        fill="currentColor"
        focusable="false"
        height={20}
        preserveAspectRatio="xMidYMid meet"
        viewBox="0 0 20 20"
        width={20}
        xmlns="http://www.w3.org/2000/svg"
      >
        <path
          d="M10,1c-5,0-9,4-9,9s4,9,9,9s9-4,9-9S15,1,10,1z M13.5,14.5l-8-8l1-1l8,8L13.5,14.5z"
        />
        <path
          d="M13.5,14.5l-8-8l1-1l8,8L13.5,14.5z"
          data-icon-path="inner-path"
          opacity="0"
        />
        <title>
          error icon
        </title>
      </svg>
      <div
        className="bx--inline-notification__text-wrapper"
      >
        <p
          className="bx--inline-notification__title"
        >
          56009: 
        </p>
        <div
          className="bx--inline-notification__subtitle"
        >
          <span>
            The requested URL is invalid please check the URL and retry.
          </span>
        </div>
      </div>
    </div>
  </div>
</div>
`;
