// Jest Snapshot v1, https://goo.gl/fbAQLP

exports[`LoadingComponent Check if matches loadingComponent Snapshot 1`] = `<loadingComponent />`;
