// Jest Snapshot v1, https://goo.gl/fbAQLP

exports[`LanguageWrapper Check if matches LanguageWrapper Snapshot 1`] = `
<div
  data-testid="languageWrapper"
/>
`;
